// Jest Snapshot v1, https://goo.gl/fbAQLP

exports[`@settings-view: component checks Snapshot 1`] = `
<View
  style={
    Object {
      "flex": 1,
    }
  }
>
  <RNCSafeAreaProvider
    onInsetsChange={[Function]}
    style={
      Array [
        Object {
          "flex": 1,
        },
        undefined,
      ]
    }
  >
    <RNSScreenContainer
      style={
        Object {
          "flex": 1,
          "overflow": "hidden",
        }
      }
    >
      <RNSScreen
        activityState={2}
        forwardedRef={[Function]}
        style={
          Object {
            "bottom": 0,
            "left": 0,
            "position": "absolute",
            "right": 0,
            "top": 0,
          }
        }
      >
        <View
          accessibilityElementsHidden={false}
          importantForAccessibility="auto"
          style={
            Array [
              Object {
                "flex": 1,
              },
              Object {
                "backgroundColor": "rgb(242, 242, 242)",
              },
              undefined,
            ]
          }
        >
          <View
            appearance="default"
            level="2"
            style={
              Array [
                Object {
                  "backgroundColor": "#F7F9FC",
                },
                Object {
                  "alignContent": "center",
                  "alignItems": "center",
                  "flex": 1,
                  "flexDirection": "column",
                  "flexWrap": "wrap",
                  "justifyContent": "center",
                },
              ]
            }
          >
            <View
              style={
                Size {
                  "height": 32,
                  "width": 32,
                }
              }
            >
              <View
                style={
                  Object {
                    "bottom": 0,
                    "height": 32,
                    "left": 0,
                    "position": "absolute",
                    "right": 0,
                    "top": 0,
                    "transform": Array [
                      Object {
                        "rotate": "45deg",
                      },
                    ],
                    "width": 32,
                  }
                }
              >
                <View
                  style={
                    Array [
                      Object {
                        "overflow": "hidden",
                      },
                      undefined,
                      Size {
                        "height": 16,
                        "width": 32,
                      },
                    ]
                  }
                >
                  <View
                    style={
                      Object {
                        "height": 32,
                        "transform": Array [
                          Object {
                            "rotate": "-165deg",
                          },
                        ],
                        "width": 32,
                      }
                    }
                  >
                    <View
                      style={
                        Array [
                          Object {
                            "overflow": "hidden",
                          },
                          Size {
                            "height": 16,
                            "width": 32,
                          },
                        ]
                      }
                    >
                      <View
                        style={
                          Array [
                            Object {
                              "borderColor": "#00E096",
                              "borderRadius": 16,
                              "borderWidth": 4.5,
                              "height": 32,
                              "width": 32,
                            },
                            undefined,
                          ]
                        }
                      />
                    </View>
                  </View>
                </View>
              </View>
              <View
                style={
                  Object {
                    "bottom": 0,
                    "height": 32,
                    "left": 0,
                    "position": "absolute",
                    "right": 0,
                    "top": 0,
                    "transform": Array [
                      Object {
                        "rotate": "45deg",
                      },
                    ],
                    "width": 32,
                  }
                }
              >
                <View
                  style={
                    Array [
                      Object {
                        "overflow": "hidden",
                      },
                      Object {
                        "top": 16,
                      },
                      Size {
                        "height": 16,
                        "width": 32,
                      },
                    ]
                  }
                >
                  <View
                    style={
                      Object {
                        "height": 32,
                        "transform": Array [
                          Object {
                            "translateY": -16,
                          },
                          Object {
                            "rotate": "345deg",
                          },
                        ],
                        "width": 32,
                      }
                    }
                  >
                    <View
                      style={
                        Array [
                          Object {
                            "overflow": "hidden",
                          },
                          Size {
                            "height": 16,
                            "width": 32,
                          },
                        ]
                      }
                    >
                      <View
                        style={
                          Array [
                            Object {
                              "borderColor": "#00E096",
                              "borderRadius": 16,
                              "borderWidth": 4.5,
                              "height": 32,
                              "width": 32,
                            },
                            undefined,
                          ]
                        }
                      />
                    </View>
                  </View>
                </View>
              </View>
            </View>
            <RNShimmeringView
              animating={true}
              animationOpacity={1}
              beginFadeDuration={0}
              duration={1000}
              endFadeDuration={0}
              pauseDuration={400}
              shimmeringOpacity={0.5}
              tilt={0}
            >
              <Text
                appearance="default"
                category="h3"
                style={
                  Array [
                    Object {
                      "color": "#222B45",
                      "fontFamily": "System",
                      "fontSize": 30,
                      "fontWeight": "800",
                    },
                    undefined,
                  ]
                }
              >
                Loading
              </Text>
            </RNShimmeringView>
          </View>
        </View>
      </RNSScreen>
    </RNSScreenContainer>
    <View
      appearance="default"
      onSelect={[Function]}
      selectedIndex={0}
      style={
        Array [
          Object {
            "backgroundColor": "#FFFFFF",
            "minHeight": 56,
            "paddingVertical": 4,
          },
          Object {
            "flexDirection": "row",
          },
          undefined,
        ]
      }
    >
      <View
        onLayout={[Function]}
        positions={3}
        selectedPosition={0}
        style={
          Object {
            "backgroundColor": "#3366FF",
            "height": 4,
            "position": "absolute",
            "transform": Array [
              Object {
                "translateX": 0,
              },
            ],
            "width": "33.333333333333336%",
          }
        }
      />
      <View
        accessible={true}
        focusable={true}
        onClick={[Function]}
        onResponderGrant={[Function]}
        onResponderMove={[Function]}
        onResponderRelease={[Function]}
        onResponderTerminate={[Function]}
        onResponderTerminationRequest={[Function]}
        onStartShouldSetResponder={[Function]}
        style={
          Object {
            "alignItems": "center",
            "flex": 1,
            "justifyContent": "center",
            "opacity": 1,
          }
        }
      >
        <View
          style={
            Object {
              "transform": Array [
                Object {
                  "scale": 1,
                },
              ],
            }
          }
        >
          <RNSVGSvgView
            align="xMidYMid"
            bbHeight={24}
            bbWidth={24}
            fill="#3366FF"
            focusable={false}
            meetOrSlice={0}
            minX={0}
            minY={0}
            style={
              Array [
                Object {
                  "backgroundColor": "transparent",
                  "borderWidth": 0,
                },
                Object {
                  "height": 24,
                  "marginVertical": 2,
                  "tintColor": "#3366FF",
                  "width": 24,
                },
                Object {
                  "flex": 0,
                  "height": 24,
                  "width": 24,
                },
              ]
            }
            vbHeight={24}
            vbWidth={24}
          >
            <RNSVGGroup
              fill={4281558783}
              propList={
                Array [
                  "fill",
                ]
              }
            >
              <RNSVGGroup>
                <RNSVGGroup>
                  <RNSVGRect
                    height="24"
                    opacity={0}
                    width="24"
                    x={0}
                    y={0}
                  />
                  <RNSVGPath
                    d="M19 5H5a3 3 0 0 0-3 3v8a3 3 0 0 0 3 3h14a3 3 0 0 0 3-3V8a3 3 0 0 0-3-3zm-8 10H7a1 1 0 0 1 0-2h4a1 1 0 0 1 0 2zm6 0h-2a1 1 0 0 1 0-2h2a1 1 0 0 1 0 2zm3-6H4V8a1 1 0 0 1 1-1h14a1 1 0 0 1 1 1z"
                  />
                </RNSVGGroup>
              </RNSVGGroup>
            </RNSVGGroup>
          </RNSVGSvgView>
        </View>
        <Text
          appearance="default"
          category="p1"
          style={
            Array [
              Object {
                "color": "#222B45",
                "fontFamily": "System",
                "fontSize": 15,
                "fontWeight": "400",
              },
              Object {
                "color": "#3366FF",
                "fontFamily": "System",
                "fontSize": 12,
                "fontWeight": "600",
                "marginVertical": 2,
              },
            ]
          }
        >
          WALLET
        </Text>
      </View>
      <View
        accessible={true}
        focusable={true}
        onClick={[Function]}
        onResponderGrant={[Function]}
        onResponderMove={[Function]}
        onResponderRelease={[Function]}
        onResponderTerminate={[Function]}
        onResponderTerminationRequest={[Function]}
        onStartShouldSetResponder={[Function]}
        style={
          Object {
            "alignItems": "center",
            "flex": 1,
            "justifyContent": "center",
            "opacity": 1,
          }
        }
      >
        <View
          style={
            Object {
              "transform": Array [
                Object {
                  "scale": 1,
                },
              ],
            }
          }
        >
          <RNSVGSvgView
            align="xMidYMid"
            bbHeight={24}
            bbWidth={24}
            fill="#8F9BB3"
            focusable={false}
            meetOrSlice={0}
            minX={0}
            minY={0}
            style={
              Array [
                Object {
                  "backgroundColor": "transparent",
                  "borderWidth": 0,
                },
                Object {
                  "height": 24,
                  "marginVertical": 2,
                  "tintColor": "#8F9BB3",
                  "width": 24,
                },
                Object {
                  "flex": 0,
                  "height": 24,
                  "width": 24,
                },
              ]
            }
            vbHeight={24}
            vbWidth={24}
          >
            <RNSVGGroup
              fill={4287601587}
              propList={
                Array [
                  "fill",
                ]
              }
            >
              <RNSVGGroup>
                <RNSVGGroup>
                  <RNSVGRect
                    height="24"
                    matrix={
                      Array [
                        -1,
                        1.2246467991473532e-16,
                        -1.2246467991473532e-16,
                        -1,
                        24,
                        24,
                      ]
                    }
                    opacity={0}
                    width="24"
                    x={0}
                    y={0}
                  />
                  <RNSVGPath
                    d="M12 2a10 10 0 1 0 10 10A10 10 0 0 0 12 2zm0 16a1 1 0 1 1 1-1 1 1 0 0 1-1 1zm1-5.16V14a1 1 0 0 1-2 0v-2a1 1 0 0 1 1-1 1.5 1.5 0 1 0-1.5-1.5 1 1 0 0 1-2 0 3.5 3.5 0 1 1 4.5 3.34z"
                  />
                </RNSVGGroup>
              </RNSVGGroup>
            </RNSVGGroup>
          </RNSVGSvgView>
        </View>
        <Text
          appearance="default"
          category="p1"
          style={
            Array [
              Object {
                "color": "#222B45",
                "fontFamily": "System",
                "fontSize": 15,
                "fontWeight": "400",
              },
              Object {
                "color": "#8F9BB3",
                "fontFamily": "System",
                "fontSize": 12,
                "fontWeight": "600",
                "marginVertical": 2,
              },
            ]
          }
        >
          HELP
        </Text>
      </View>
      <View
        accessible={true}
        focusable={true}
        onClick={[Function]}
        onResponderGrant={[Function]}
        onResponderMove={[Function]}
        onResponderRelease={[Function]}
        onResponderTerminate={[Function]}
        onResponderTerminationRequest={[Function]}
        onStartShouldSetResponder={[Function]}
        style={
          Object {
            "alignItems": "center",
            "flex": 1,
            "justifyContent": "center",
            "opacity": 1,
          }
        }
      >
        <View
          style={
            Object {
              "transform": Array [
                Object {
                  "scale": 1,
                },
              ],
            }
          }
        >
          <RNSVGSvgView
            align="xMidYMid"
            bbHeight={24}
            bbWidth={24}
            fill="#8F9BB3"
            focusable={false}
            meetOrSlice={0}
            minX={0}
            minY={0}
            style={
              Array [
                Object {
                  "backgroundColor": "transparent",
                  "borderWidth": 0,
                },
                Object {
                  "height": 24,
                  "marginVertical": 2,
                  "tintColor": "#8F9BB3",
                  "width": 24,
                },
                Object {
                  "flex": 0,
                  "height": 24,
                  "width": 24,
                },
              ]
            }
            vbHeight={24}
            vbWidth={24}
          >
            <RNSVGGroup
              fill={4287601587}
              propList={
                Array [
                  "fill",
                ]
              }
            >
              <RNSVGGroup>
                <RNSVGGroup>
                  <RNSVGRect
                    height="24"
                    opacity={0}
                    width="24"
                    x={0}
                    y={0}
                  />
                  <RNSVGPath
                    d="M7.12 12.55a4 4 0 0 0-3.07 3.86v3.11a.47.47 0 0 0 .48.48l3.24-.06a3.78 3.78 0 0 0 3.44-2.2 3.65 3.65 0 0 0-4.09-5.19z"
                  />
                  <RNSVGPath
                    d="M19.26 4.46a2.14 2.14 0 0 0-2.88.21L10 11.08a.47.47 0 0 0 0 .66L12.25 14a.47.47 0 0 0 .66 0l6.49-6.47a2.06 2.06 0 0 0 .6-1.47 2 2 0 0 0-.74-1.6z"
                  />
                </RNSVGGroup>
              </RNSVGGroup>
            </RNSVGGroup>
          </RNSVGSvgView>
        </View>
        <Text
          appearance="default"
          category="p1"
          style={
            Array [
              Object {
                "color": "#222B45",
                "fontFamily": "System",
                "fontSize": 15,
                "fontWeight": "400",
              },
              Object {
                "color": "#8F9BB3",
                "fontFamily": "System",
                "fontSize": 12,
                "fontWeight": "600",
                "marginVertical": 2,
              },
            ]
          }
        >
          APPERANCE
        </Text>
      </View>
    </View>
  </RNCSafeAreaProvider>
</View>
`;
